// Jest Snapshot v1, https://goo.gl/fbAQLP

exports[`should create a temporary event when a slot is clicked 1`] = `
<div>
  <main
    id="appCalendarWrap"
  >
    <div
      class=""
      id="editModal"
    >
      <button
        id="editModalExit"
        type="button"
      >
        ✖
      </button>
      <form
        id="editModalForm"
      >
        <input
          maxlength="50"
          name="title"
          placeholder="Add a title"
          required=""
          value=""
        />
        <div
          data-testid="editModal"
          id="editModalProject"
        >
          <label>
            Project
          </label>
          <div
            id="expandingMenu"
          >
            <div
              id="projectAdd"
            >
              <input
                placeholder="Name of Project"
              />
              <button
                type="button"
              >
                ✓
              </button>
              <button
                type="button"
              >
                 - 
              </button>
            </div>
            <div
              class="active"
              id="noProjects"
            >
              <span>
                No projects yet
              </span>
              <button
                type="button"
              >
                +
              </button>
            </div>
          </div>
        </div>
        <div>
          <label
            for="startTime"
          >
            Start Time
          </label>
          <input
            id="startTime"
            name="start"
            type="datetime-local"
            value=""
          />
        </div>
        <div>
          <label
            for="endTime"
          >
            End Time
          </label>
          <input
            id="endTime"
            name="end"
            type="datetime-local"
            value=""
          />
        </div>
        <div>
          <label
            for="allDay"
          >
            All Day Event
          </label>
          <input
            id="allDay"
            name="allDay"
            type="checkbox"
          />
        </div>
        <div>
          <label
            for="description"
          >
            Description
          </label>
          <textarea
            id="description"
            maxlength="500"
            name="description"
          />
        </div>
        <div
          id="editModalButtonWrap"
        >
          <button
            id="editModalSubmit"
            type="submit"
          >
            Save
          </button>
        </div>
      </form>
    </div>
    <div
      class="rbc-addons-dnd rbc-calendar"
    >
      <div
        class="rbc-time-view"
      >
        <div
          class="rbc-time-header"
        >
          <div
            class="rbc-label rbc-time-header-gutter"
          />
          <div
            class="rbc-time-header-content"
          >
            <div
              class="rbc-row rbc-time-header-cell"
            >
              <div
                class="rbc-header rbc-today"
              >
                <button
                  class="rbc-button-link"
                  type="button"
                >
                  <span
                    aria-sort="none"
                    role="columnheader"
                  >
                    22 Sun
                  </span>
                </button>
              </div>
              <div
                class="rbc-header"
              >
                <button
                  class="rbc-button-link"
                  type="button"
                >
                  <span
                    aria-sort="none"
                    role="columnheader"
                  >
                    23 Mon
                  </span>
                </button>
              </div>
              <div
                class="rbc-header"
              >
                <button
                  class="rbc-button-link"
                  type="button"
                >
                  <span
                    aria-sort="none"
                    role="columnheader"
                  >
                    24 Tue
                  </span>
                </button>
              </div>
              <div
                class="rbc-header"
              >
                <button
                  class="rbc-button-link"
                  type="button"
                >
                  <span
                    aria-sort="none"
                    role="columnheader"
                  >
                    25 Wed
                  </span>
                </button>
              </div>
              <div
                class="rbc-header"
              >
                <button
                  class="rbc-button-link"
                  type="button"
                >
                  <span
                    aria-sort="none"
                    role="columnheader"
                  >
                    26 Thu
                  </span>
                </button>
              </div>
              <div
                class="rbc-header"
              >
                <button
                  class="rbc-button-link"
                  type="button"
                >
                  <span
                    aria-sort="none"
                    role="columnheader"
                  >
                    27 Fri
                  </span>
                </button>
              </div>
              <div
                class="rbc-header"
              >
                <button
                  class="rbc-button-link"
                  type="button"
                >
                  <span
                    aria-sort="none"
                    role="columnheader"
                  >
                    28 Sat
                  </span>
                </button>
              </div>
            </div>
            <div
              class="rbc-allday-cell"
              role="rowgroup"
            >
              <div
                class="rbc-row-bg"
              >
                <div
                  class="rbc-day-bg rbc-today"
                />
                <div
                  class="rbc-day-bg"
                />
                <div
                  class="rbc-day-bg"
                />
                <div
                  class="rbc-day-bg"
                />
                <div
                  class="rbc-day-bg"
                />
                <div
                  class="rbc-day-bg"
                />
                <div
                  class="rbc-day-bg"
                />
              </div>
              <div
                class="rbc-row-content"
                role="row"
              >
                <div
                  class="rbc-addons-dnd-row-body"
                >
                  <div
                    class="rbc-row"
                  />
                  <div
                    class="rbc-row"
                  />
                </div>
              </div>
            </div>
          </div>
        </div>
        <div
          class="rbc-time-content"
        >
          <div
            class="rbc-time-gutter rbc-time-column"
          >
            <div
              class="rbc-timeslot-group"
            >
              <div
                class="rbc-time-slot"
                data-testid="slot"
              >
                <span
                  class="rbc-label"
                >
                  6:00 AM
                </span>
              </div>
            </div>
            <div
              class="rbc-timeslot-group"
            >
              <div
                class="rbc-time-slot"
                data-testid="slot"
              >
                <span
                  class="rbc-label"
                >
                  6:30 AM
                </span>
              </div>
            </div>
            <div
              class="rbc-timeslot-group"
            >
              <div
                class="rbc-time-slot"
                data-testid="slot"
              >
                <span
                  class="rbc-label"
                >
                  7:00 AM
                </span>
              </div>
            </div>
            <div
              class="rbc-timeslot-group"
            >
              <div
                class="rbc-time-slot"
                data-testid="slot"
              >
                <span
                  class="rbc-label"
                >
                  7:30 AM
                </span>
              </div>
            </div>
            <div
              class="rbc-timeslot-group"
            >
              <div
                class="rbc-time-slot"
                data-testid="slot"
              >
                <span
                  class="rbc-label"
                >
                  8:00 AM
                </span>
              </div>
            </div>
            <div
              class="rbc-timeslot-group"
            >
              <div
                class="rbc-time-slot"
                data-testid="slot"
              >
                <span
                  class="rbc-label"
                >
                  8:30 AM
                </span>
              </div>
            </div>
            <div
              class="rbc-timeslot-group"
            >
              <div
                class="rbc-time-slot"
                data-testid="slot"
              >
                <span
                  class="rbc-label"
                >
                  9:00 AM
                </span>
              </div>
            </div>
            <div
              class="rbc-timeslot-group"
            >
              <div
                class="rbc-time-slot"
                data-testid="slot"
              >
                <span
                  class="rbc-label"
                >
                  9:30 AM
                </span>
              </div>
            </div>
            <div
              class="rbc-timeslot-group"
            >
              <div
                class="rbc-time-slot"
                data-testid="slot"
              >
                <span
                  class="rbc-label"
                >
                  10:00 AM
                </span>
              </div>
            </div>
            <div
              class="rbc-timeslot-group"
            >
              <div
                class="rbc-time-slot"
                data-testid="slot"
              >
                <span
                  class="rbc-label"
                >
                  10:30 AM
                </span>
              </div>
            </div>
            <div
              class="rbc-timeslot-group"
            >
              <div
                class="rbc-time-slot"
                data-testid="slot"
              >
                <span
                  class="rbc-label"
                >
                  11:00 AM
                </span>
              </div>
            </div>
            <div
              class="rbc-timeslot-group"
            >
              <div
                class="rbc-time-slot"
                data-testid="slot"
              >
                <span
                  class="rbc-label"
                >
                  11:30 AM
                </span>
              </div>
            </div>
            <div
              class="rbc-timeslot-group"
            >
              <div
                class="rbc-time-slot"
                data-testid="slot"
              >
                <span
                  class="rbc-label"
                >
                  12:00 PM
                </span>
              </div>
            </div>
            <div
              class="rbc-timeslot-group"
            >
              <div
                class="rbc-time-slot"
                data-testid="slot"
              >
                <span
                  class="rbc-label"
                >
                  12:30 PM
                </span>
              </div>
            </div>
            <div
              class="rbc-timeslot-group"
            >
              <div
                class="rbc-time-slot"
                data-testid="slot"
              >
                <span
                  class="rbc-label"
                >
                  1:00 PM
                </span>
              </div>
            </div>
            <div
              class="rbc-timeslot-group"
            >
              <div
                class="rbc-time-slot"
                data-testid="slot"
              >
                <span
                  class="rbc-label"
                >
                  1:30 PM
                </span>
              </div>
            </div>
            <div
              class="rbc-timeslot-group"
            >
              <div
                class="rbc-time-slot"
                data-testid="slot"
              >
                <span
                  class="rbc-label"
                >
                  2:00 PM
                </span>
              </div>
            </div>
            <div
              class="rbc-timeslot-group"
            >
              <div
                class="rbc-time-slot"
                data-testid="slot"
              >
                <span
                  class="rbc-label"
                >
                  2:30 PM
                </span>
              </div>
            </div>
            <div
              class="rbc-timeslot-group"
            >
              <div
                class="rbc-time-slot"
                data-testid="slot"
              >
                <span
                  class="rbc-label"
                >
                  3:00 PM
                </span>
              </div>
            </div>
            <div
              class="rbc-timeslot-group"
            >
              <div
                class="rbc-time-slot"
                data-testid="slot"
              >
                <span
                  class="rbc-label"
                >
                  3:30 PM
                </span>
              </div>
            </div>
            <div
              class="rbc-timeslot-group"
            >
              <div
                class="rbc-time-slot"
                data-testid="slot"
              >
                <span
                  class="rbc-label"
                >
                  4:00 PM
                </span>
              </div>
            </div>
            <div
              class="rbc-timeslot-group"
            >
              <div
                class="rbc-time-slot"
                data-testid="slot"
              >
                <span
                  class="rbc-label"
                >
                  4:30 PM
                </span>
              </div>
            </div>
            <div
              class="rbc-timeslot-group"
            >
              <div
                class="rbc-time-slot"
                data-testid="slot"
              >
                <span
                  class="rbc-label"
                >
                  5:00 PM
                </span>
              </div>
            </div>
            <div
              class="rbc-timeslot-group"
            >
              <div
                class="rbc-time-slot"
                data-testid="slot"
              >
                <span
                  class="rbc-label"
                >
                  5:30 PM
                </span>
              </div>
            </div>
          </div>
          <div
            class="rbc-day-slot rbc-time-column rbc-now rbc-today"
          >
            <div
              class="rbc-timeslot-group"
            >
              <div
                class="rbc-time-slot"
                data-testid="slot"
              />
            </div>
            <div
              class="rbc-timeslot-group"
            >
              <div
                class="rbc-time-slot"
                data-testid="slot"
              />
            </div>
            <div
              class="rbc-timeslot-group"
            >
              <div
                class="rbc-time-slot"
                data-testid="slot"
              />
            </div>
            <div
              class="rbc-timeslot-group"
            >
              <div
                class="rbc-time-slot"
                data-testid="slot"
              />
            </div>
            <div
              class="rbc-timeslot-group"
            >
              <div
                class="rbc-time-slot"
                data-testid="slot"
              />
            </div>
            <div
              class="rbc-timeslot-group"
            >
              <div
                class="rbc-time-slot"
                data-testid="slot"
              />
            </div>
            <div
              class="rbc-timeslot-group"
            >
              <div
                class="rbc-time-slot"
                data-testid="slot"
              />
            </div>
            <div
              class="rbc-timeslot-group"
            >
              <div
                class="rbc-time-slot"
                data-testid="slot"
              />
            </div>
            <div
              class="rbc-timeslot-group"
            >
              <div
                class="rbc-time-slot"
                data-testid="slot"
              />
            </div>
            <div
              class="rbc-timeslot-group"
            >
              <div
                class="rbc-time-slot"
                data-testid="slot"
              />
            </div>
            <div
              class="rbc-timeslot-group"
            >
              <div
                class="rbc-time-slot"
                data-testid="slot"
              />
            </div>
            <div
              class="rbc-timeslot-group"
            >
              <div
                class="rbc-time-slot"
                data-testid="slot"
              />
            </div>
            <div
              class="rbc-timeslot-group"
            >
              <div
                class="rbc-time-slot"
                data-testid="slot"
              />
            </div>
            <div
              class="rbc-timeslot-group"
            >
              <div
                class="rbc-time-slot"
                data-testid="slot"
              />
            </div>
            <div
              class="rbc-timeslot-group"
            >
              <div
                class="rbc-time-slot"
                data-testid="slot"
              />
            </div>
            <div
              class="rbc-timeslot-group"
            >
              <div
                class="rbc-time-slot"
                data-testid="slot"
              />
            </div>
            <div
              class="rbc-timeslot-group"
            >
              <div
                class="rbc-time-slot"
                data-testid="slot"
              />
            </div>
            <div
              class="rbc-timeslot-group"
            >
              <div
                class="rbc-time-slot"
                data-testid="slot"
              />
            </div>
            <div
              class="rbc-timeslot-group"
            >
              <div
                class="rbc-time-slot"
                data-testid="slot"
              />
            </div>
            <div
              class="rbc-timeslot-group"
            >
              <div
                class="rbc-time-slot"
                data-testid="slot"
              />
            </div>
            <div
              class="rbc-timeslot-group"
            >
              <div
                class="rbc-time-slot"
                data-testid="slot"
              />
            </div>
            <div
              class="rbc-timeslot-group"
            >
              <div
                class="rbc-time-slot"
                data-testid="slot"
              />
            </div>
            <div
              class="rbc-timeslot-group"
            >
              <div
                class="rbc-time-slot"
                data-testid="slot"
              />
            </div>
            <div
              class="rbc-timeslot-group"
            >
              <div
                class="rbc-time-slot"
                data-testid="slot"
              />
            </div>
            <div>
              <div
                class="rbc-events-container"
              />
            </div>
          </div>
          <div
            class="rbc-day-slot rbc-time-column"
          >
            <div
              class="rbc-timeslot-group"
            >
              <div
                class="rbc-time-slot"
                data-testid="slot"
              />
            </div>
            <div
              class="rbc-timeslot-group"
            >
              <div
                class="rbc-time-slot"
                data-testid="slot"
              />
            </div>
            <div
              class="rbc-timeslot-group"
            >
              <div
                class="rbc-time-slot"
                data-testid="slot"
              />
            </div>
            <div
              class="rbc-timeslot-group"
            >
              <div
                class="rbc-time-slot"
                data-testid="slot"
              />
            </div>
            <div
              class="rbc-timeslot-group"
            >
              <div
                class="rbc-time-slot"
                data-testid="slot"
              />
            </div>
            <div
              class="rbc-timeslot-group"
            >
              <div
                class="rbc-time-slot"
                data-testid="slot"
              />
            </div>
            <div
              class="rbc-timeslot-group"
            >
              <div
                class="rbc-time-slot"
                data-testid="slot"
              />
            </div>
            <div
              class="rbc-timeslot-group"
            >
              <div
                class="rbc-time-slot"
                data-testid="slot"
              />
            </div>
            <div
              class="rbc-timeslot-group"
            >
              <div
                class="rbc-time-slot"
                data-testid="slot"
              />
            </div>
            <div
              class="rbc-timeslot-group"
            >
              <div
                class="rbc-time-slot"
                data-testid="slot"
              />
            </div>
            <div
              class="rbc-timeslot-group"
            >
              <div
                class="rbc-time-slot"
                data-testid="slot"
              />
            </div>
            <div
              class="rbc-timeslot-group"
            >
              <div
                class="rbc-time-slot"
                data-testid="slot"
              />
            </div>
            <div
              class="rbc-timeslot-group"
            >
              <div
                class="rbc-time-slot"
                data-testid="slot"
              />
            </div>
            <div
              class="rbc-timeslot-group"
            >
              <div
                class="rbc-time-slot"
                data-testid="slot"
              />
            </div>
            <div
              class="rbc-timeslot-group"
            >
              <div
                class="rbc-time-slot"
                data-testid="slot"
              />
            </div>
            <div
              class="rbc-timeslot-group"
            >
              <div
                class="rbc-time-slot"
                data-testid="slot"
              />
            </div>
            <div
              class="rbc-timeslot-group"
            >
              <div
                class="rbc-time-slot"
                data-testid="slot"
              />
            </div>
            <div
              class="rbc-timeslot-group"
            >
              <div
                class="rbc-time-slot"
                data-testid="slot"
              />
            </div>
            <div
              class="rbc-timeslot-group"
            >
              <div
                class="rbc-time-slot"
                data-testid="slot"
              />
            </div>
            <div
              class="rbc-timeslot-group"
            >
              <div
                class="rbc-time-slot"
                data-testid="slot"
              />
            </div>
            <div
              class="rbc-timeslot-group"
            >
              <div
                class="rbc-time-slot"
                data-testid="slot"
              />
            </div>
            <div
              class="rbc-timeslot-group"
            >
              <div
                class="rbc-time-slot"
                data-testid="slot"
              />
            </div>
            <div
              class="rbc-timeslot-group"
            >
              <div
                class="rbc-time-slot"
                data-testid="slot"
              />
            </div>
            <div
              class="rbc-timeslot-group"
            >
              <div
                class="rbc-time-slot"
                data-testid="slot"
              />
            </div>
            <div>
              <div
                class="rbc-events-container"
              />
            </div>
          </div>
          <div
            class="rbc-day-slot rbc-time-column"
          >
            <div
              class="rbc-timeslot-group"
            >
              <div
                class="rbc-time-slot"
                data-testid="slot"
              />
            </div>
            <div
              class="rbc-timeslot-group"
            >
              <div
                class="rbc-time-slot"
                data-testid="slot"
              />
            </div>
            <div
              class="rbc-timeslot-group"
            >
              <div
                class="rbc-time-slot"
                data-testid="slot"
              />
            </div>
            <div
              class="rbc-timeslot-group"
            >
              <div
                class="rbc-time-slot"
                data-testid="slot"
              />
            </div>
            <div
              class="rbc-timeslot-group"
            >
              <div
                class="rbc-time-slot"
                data-testid="slot"
              />
            </div>
            <div
              class="rbc-timeslot-group"
            >
              <div
                class="rbc-time-slot"
                data-testid="slot"
              />
            </div>
            <div
              class="rbc-timeslot-group"
            >
              <div
                class="rbc-time-slot"
                data-testid="slot"
              />
            </div>
            <div
              class="rbc-timeslot-group"
            >
              <div
                class="rbc-time-slot"
                data-testid="slot"
              />
            </div>
            <div
              class="rbc-timeslot-group"
            >
              <div
                class="rbc-time-slot"
                data-testid="slot"
              />
            </div>
            <div
              class="rbc-timeslot-group"
            >
              <div
                class="rbc-time-slot"
                data-testid="slot"
              />
            </div>
            <div
              class="rbc-timeslot-group"
            >
              <div
                class="rbc-time-slot"
                data-testid="slot"
              />
            </div>
            <div
              class="rbc-timeslot-group"
            >
              <div
                class="rbc-time-slot"
                data-testid="slot"
              />
            </div>
            <div
              class="rbc-timeslot-group"
            >
              <div
                class="rbc-time-slot"
                data-testid="slot"
              />
            </div>
            <div
              class="rbc-timeslot-group"
            >
              <div
                class="rbc-time-slot"
                data-testid="slot"
              />
            </div>
            <div
              class="rbc-timeslot-group"
            >
              <div
                class="rbc-time-slot"
                data-testid="slot"
              />
            </div>
            <div
              class="rbc-timeslot-group"
            >
              <div
                class="rbc-time-slot"
                data-testid="slot"
              />
            </div>
            <div
              class="rbc-timeslot-group"
            >
              <div
                class="rbc-time-slot"
                data-testid="slot"
              />
            </div>
            <div
              class="rbc-timeslot-group"
            >
              <div
                class="rbc-time-slot"
                data-testid="slot"
              />
            </div>
            <div
              class="rbc-timeslot-group"
            >
              <div
                class="rbc-time-slot"
                data-testid="slot"
              />
            </div>
            <div
              class="rbc-timeslot-group"
            >
              <div
                class="rbc-time-slot"
                data-testid="slot"
              />
            </div>
            <div
              class="rbc-timeslot-group"
            >
              <div
                class="rbc-time-slot"
                data-testid="slot"
              />
            </div>
            <div
              class="rbc-timeslot-group"
            >
              <div
                class="rbc-time-slot"
                data-testid="slot"
              />
            </div>
            <div
              class="rbc-timeslot-group"
            >
              <div
                class="rbc-time-slot"
                data-testid="slot"
              />
            </div>
            <div
              class="rbc-timeslot-group"
            >
              <div
                class="rbc-time-slot"
                data-testid="slot"
              />
            </div>
            <div>
              <div
                class="rbc-events-container"
              />
            </div>
          </div>
          <div
            class="rbc-day-slot rbc-time-column"
          >
            <div
              class="rbc-timeslot-group"
            >
              <div
                class="rbc-time-slot"
                data-testid="slot"
              />
            </div>
            <div
              class="rbc-timeslot-group"
            >
              <div
                class="rbc-time-slot"
                data-testid="slot"
              />
            </div>
            <div
              class="rbc-timeslot-group"
            >
              <div
                class="rbc-time-slot"
                data-testid="slot"
              />
            </div>
            <div
              class="rbc-timeslot-group"
            >
              <div
                class="rbc-time-slot"
                data-testid="slot"
              />
            </div>
            <div
              class="rbc-timeslot-group"
            >
              <div
                class="rbc-time-slot"
                data-testid="slot"
              />
            </div>
            <div
              class="rbc-timeslot-group"
            >
              <div
                class="rbc-time-slot"
                data-testid="slot"
              />
            </div>
            <div
              class="rbc-timeslot-group"
            >
              <div
                class="rbc-time-slot"
                data-testid="slot"
              />
            </div>
            <div
              class="rbc-timeslot-group"
            >
              <div
                class="rbc-time-slot"
                data-testid="slot"
              />
            </div>
            <div
              class="rbc-timeslot-group"
            >
              <div
                class="rbc-time-slot"
                data-testid="slot"
              />
            </div>
            <div
              class="rbc-timeslot-group"
            >
              <div
                class="rbc-time-slot"
                data-testid="slot"
              />
            </div>
            <div
              class="rbc-timeslot-group"
            >
              <div
                class="rbc-time-slot"
                data-testid="slot"
              />
            </div>
            <div
              class="rbc-timeslot-group"
            >
              <div
                class="rbc-time-slot"
                data-testid="slot"
              />
            </div>
            <div
              class="rbc-timeslot-group"
            >
              <div
                class="rbc-time-slot"
                data-testid="slot"
              />
            </div>
            <div
              class="rbc-timeslot-group"
            >
              <div
                class="rbc-time-slot"
                data-testid="slot"
              />
            </div>
            <div
              class="rbc-timeslot-group"
            >
              <div
                class="rbc-time-slot"
                data-testid="slot"
              />
            </div>
            <div
              class="rbc-timeslot-group"
            >
              <div
                class="rbc-time-slot"
                data-testid="slot"
              />
            </div>
            <div
              class="rbc-timeslot-group"
            >
              <div
                class="rbc-time-slot"
                data-testid="slot"
              />
            </div>
            <div
              class="rbc-timeslot-group"
            >
              <div
                class="rbc-time-slot"
                data-testid="slot"
              />
            </div>
            <div
              class="rbc-timeslot-group"
            >
              <div
                class="rbc-time-slot"
                data-testid="slot"
              />
            </div>
            <div
              class="rbc-timeslot-group"
            >
              <div
                class="rbc-time-slot"
                data-testid="slot"
              />
            </div>
            <div
              class="rbc-timeslot-group"
            >
              <div
                class="rbc-time-slot"
                data-testid="slot"
              />
            </div>
            <div
              class="rbc-timeslot-group"
            >
              <div
                class="rbc-time-slot"
                data-testid="slot"
              />
            </div>
            <div
              class="rbc-timeslot-group"
            >
              <div
                class="rbc-time-slot"
                data-testid="slot"
              />
            </div>
            <div
              class="rbc-timeslot-group"
            >
              <div
                class="rbc-time-slot"
                data-testid="slot"
              />
            </div>
            <div>
              <div
                class="rbc-events-container"
              />
            </div>
          </div>
          <div
            class="rbc-day-slot rbc-time-column"
          >
            <div
              class="rbc-timeslot-group"
            >
              <div
                class="rbc-time-slot"
                data-testid="slot"
              />
            </div>
            <div
              class="rbc-timeslot-group"
            >
              <div
                class="rbc-time-slot"
                data-testid="slot"
              />
            </div>
            <div
              class="rbc-timeslot-group"
            >
              <div
                class="rbc-time-slot"
                data-testid="slot"
              />
            </div>
            <div
              class="rbc-timeslot-group"
            >
              <div
                class="rbc-time-slot"
                data-testid="slot"
              />
            </div>
            <div
              class="rbc-timeslot-group"
            >
              <div
                class="rbc-time-slot"
                data-testid="slot"
              />
            </div>
            <div
              class="rbc-timeslot-group"
            >
              <div
                class="rbc-time-slot"
                data-testid="slot"
              />
            </div>
            <div
              class="rbc-timeslot-group"
            >
              <div
                class="rbc-time-slot"
                data-testid="slot"
              />
            </div>
            <div
              class="rbc-timeslot-group"
            >
              <div
                class="rbc-time-slot"
                data-testid="slot"
              />
            </div>
            <div
              class="rbc-timeslot-group"
            >
              <div
                class="rbc-time-slot"
                data-testid="slot"
              />
            </div>
            <div
              class="rbc-timeslot-group"
            >
              <div
                class="rbc-time-slot"
                data-testid="slot"
              />
            </div>
            <div
              class="rbc-timeslot-group"
            >
              <div
                class="rbc-time-slot"
                data-testid="slot"
              />
            </div>
            <div
              class="rbc-timeslot-group"
            >
              <div
                class="rbc-time-slot"
                data-testid="slot"
              />
            </div>
            <div
              class="rbc-timeslot-group"
            >
              <div
                class="rbc-time-slot"
                data-testid="slot"
              />
            </div>
            <div
              class="rbc-timeslot-group"
            >
              <div
                class="rbc-time-slot"
                data-testid="slot"
              />
            </div>
            <div
              class="rbc-timeslot-group"
            >
              <div
                class="rbc-time-slot"
                data-testid="slot"
              />
            </div>
            <div
              class="rbc-timeslot-group"
            >
              <div
                class="rbc-time-slot"
                data-testid="slot"
              />
            </div>
            <div
              class="rbc-timeslot-group"
            >
              <div
                class="rbc-time-slot"
                data-testid="slot"
              />
            </div>
            <div
              class="rbc-timeslot-group"
            >
              <div
                class="rbc-time-slot"
                data-testid="slot"
              />
            </div>
            <div
              class="rbc-timeslot-group"
            >
              <div
                class="rbc-time-slot"
                data-testid="slot"
              />
            </div>
            <div
              class="rbc-timeslot-group"
            >
              <div
                class="rbc-time-slot"
                data-testid="slot"
              />
            </div>
            <div
              class="rbc-timeslot-group"
            >
              <div
                class="rbc-time-slot"
                data-testid="slot"
              />
            </div>
            <div
              class="rbc-timeslot-group"
            >
              <div
                class="rbc-time-slot"
                data-testid="slot"
              />
            </div>
            <div
              class="rbc-timeslot-group"
            >
              <div
                class="rbc-time-slot"
                data-testid="slot"
              />
            </div>
            <div
              class="rbc-timeslot-group"
            >
              <div
                class="rbc-time-slot"
                data-testid="slot"
              />
            </div>
            <div>
              <div
                class="rbc-events-container"
              />
            </div>
          </div>
          <div
            class="rbc-day-slot rbc-time-column"
          >
            <div
              class="rbc-timeslot-group"
            >
              <div
                class="rbc-time-slot"
                data-testid="slot"
              />
            </div>
            <div
              class="rbc-timeslot-group"
            >
              <div
                class="rbc-time-slot"
                data-testid="slot"
              />
            </div>
            <div
              class="rbc-timeslot-group"
            >
              <div
                class="rbc-time-slot"
                data-testid="slot"
              />
            </div>
            <div
              class="rbc-timeslot-group"
            >
              <div
                class="rbc-time-slot"
                data-testid="slot"
              />
            </div>
            <div
              class="rbc-timeslot-group"
            >
              <div
                class="rbc-time-slot"
                data-testid="slot"
              />
            </div>
            <div
              class="rbc-timeslot-group"
            >
              <div
                class="rbc-time-slot"
                data-testid="slot"
              />
            </div>
            <div
              class="rbc-timeslot-group"
            >
              <div
                class="rbc-time-slot"
                data-testid="slot"
              />
            </div>
            <div
              class="rbc-timeslot-group"
            >
              <div
                class="rbc-time-slot"
                data-testid="slot"
              />
            </div>
            <div
              class="rbc-timeslot-group"
            >
              <div
                class="rbc-time-slot"
                data-testid="slot"
              />
            </div>
            <div
              class="rbc-timeslot-group"
            >
              <div
                class="rbc-time-slot"
                data-testid="slot"
              />
            </div>
            <div
              class="rbc-timeslot-group"
            >
              <div
                class="rbc-time-slot"
                data-testid="slot"
              />
            </div>
            <div
              class="rbc-timeslot-group"
            >
              <div
                class="rbc-time-slot"
                data-testid="slot"
              />
            </div>
            <div
              class="rbc-timeslot-group"
            >
              <div
                class="rbc-time-slot"
                data-testid="slot"
              />
            </div>
            <div
              class="rbc-timeslot-group"
            >
              <div
                class="rbc-time-slot"
                data-testid="slot"
              />
            </div>
            <div
              class="rbc-timeslot-group"
            >
              <div
                class="rbc-time-slot"
                data-testid="slot"
              />
            </div>
            <div
              class="rbc-timeslot-group"
            >
              <div
                class="rbc-time-slot"
                data-testid="slot"
              />
            </div>
            <div
              class="rbc-timeslot-group"
            >
              <div
                class="rbc-time-slot"
                data-testid="slot"
              />
            </div>
            <div
              class="rbc-timeslot-group"
            >
              <div
                class="rbc-time-slot"
                data-testid="slot"
              />
            </div>
            <div
              class="rbc-timeslot-group"
            >
              <div
                class="rbc-time-slot"
                data-testid="slot"
              />
            </div>
            <div
              class="rbc-timeslot-group"
            >
              <div
                class="rbc-time-slot"
                data-testid="slot"
              />
            </div>
            <div
              class="rbc-timeslot-group"
            >
              <div
                class="rbc-time-slot"
                data-testid="slot"
              />
            </div>
            <div
              class="rbc-timeslot-group"
            >
              <div
                class="rbc-time-slot"
                data-testid="slot"
              />
            </div>
            <div
              class="rbc-timeslot-group"
            >
              <div
                class="rbc-time-slot"
                data-testid="slot"
              />
            </div>
            <div
              class="rbc-timeslot-group"
            >
              <div
                class="rbc-time-slot"
                data-testid="slot"
              />
            </div>
            <div>
              <div
                class="rbc-events-container"
              />
            </div>
          </div>
          <div
            class="rbc-day-slot rbc-time-column"
          >
            <div
              class="rbc-timeslot-group"
            >
              <div
                class="rbc-time-slot"
                data-testid="slot"
              />
            </div>
            <div
              class="rbc-timeslot-group"
            >
              <div
                class="rbc-time-slot"
                data-testid="slot"
              />
            </div>
            <div
              class="rbc-timeslot-group"
            >
              <div
                class="rbc-time-slot"
                data-testid="slot"
              />
            </div>
            <div
              class="rbc-timeslot-group"
            >
              <div
                class="rbc-time-slot"
                data-testid="slot"
              />
            </div>
            <div
              class="rbc-timeslot-group"
            >
              <div
                class="rbc-time-slot"
                data-testid="slot"
              />
            </div>
            <div
              class="rbc-timeslot-group"
            >
              <div
                class="rbc-time-slot"
                data-testid="slot"
              />
            </div>
            <div
              class="rbc-timeslot-group"
            >
              <div
                class="rbc-time-slot"
                data-testid="slot"
              />
            </div>
            <div
              class="rbc-timeslot-group"
            >
              <div
                class="rbc-time-slot"
                data-testid="slot"
              />
            </div>
            <div
              class="rbc-timeslot-group"
            >
              <div
                class="rbc-time-slot"
                data-testid="slot"
              />
            </div>
            <div
              class="rbc-timeslot-group"
            >
              <div
                class="rbc-time-slot"
                data-testid="slot"
              />
            </div>
            <div
              class="rbc-timeslot-group"
            >
              <div
                class="rbc-time-slot"
                data-testid="slot"
              />
            </div>
            <div
              class="rbc-timeslot-group"
            >
              <div
                class="rbc-time-slot"
                data-testid="slot"
              />
            </div>
            <div
              class="rbc-timeslot-group"
            >
              <div
                class="rbc-time-slot"
                data-testid="slot"
              />
            </div>
            <div
              class="rbc-timeslot-group"
            >
              <div
                class="rbc-time-slot"
                data-testid="slot"
              />
            </div>
            <div
              class="rbc-timeslot-group"
            >
              <div
                class="rbc-time-slot"
                data-testid="slot"
              />
            </div>
            <div
              class="rbc-timeslot-group"
            >
              <div
                class="rbc-time-slot"
                data-testid="slot"
              />
            </div>
            <div
              class="rbc-timeslot-group"
            >
              <div
                class="rbc-time-slot"
                data-testid="slot"
              />
            </div>
            <div
              class="rbc-timeslot-group"
            >
              <div
                class="rbc-time-slot"
                data-testid="slot"
              />
            </div>
            <div
              class="rbc-timeslot-group"
            >
              <div
                class="rbc-time-slot"
                data-testid="slot"
              />
            </div>
            <div
              class="rbc-timeslot-group"
            >
              <div
                class="rbc-time-slot"
                data-testid="slot"
              />
            </div>
            <div
              class="rbc-timeslot-group"
            >
              <div
                class="rbc-time-slot"
                data-testid="slot"
              />
            </div>
            <div
              class="rbc-timeslot-group"
            >
              <div
                class="rbc-time-slot"
                data-testid="slot"
              />
            </div>
            <div
              class="rbc-timeslot-group"
            >
              <div
                class="rbc-time-slot"
                data-testid="slot"
              />
            </div>
            <div
              class="rbc-timeslot-group"
            >
              <div
                class="rbc-time-slot"
                data-testid="slot"
              />
            </div>
            <div>
              <div
                class="rbc-events-container"
              />
            </div>
          </div>
        </div>
      </div>
    </div>
  </main>
</div>
`;
